
There are no discarded input sections

Memory Configuration

Name             Origin             Length             Attributes
FLASH            0x08000000         0x00020000         xr
SRAM             0x20000000         0x00005000         xrw
*default*        0x00000000         0xffffffff

Linker script and memory map

LOAD build/cli.o
LOAD build/main.o
LOAD build/systick.o
LOAD build/uart.o
LOAD build/startup.o

.isr_vector     0x08000000       0x44
 *(.isr_vector)
 .isr_vector    0x08000000       0x44 build/startup.o
                0x08000000                _isr_vector

.text           0x08000044      0x236
 *(.text*)
 .text          0x08000044       0x80 build/cli.o
                0x08000044                cli_poll
 .text          0x080000c4       0x24 build/main.o
                0x080000c4                main
 .text          0x080000e8       0x40 build/systick.o
                0x080000e8                SysTick_Handler
 .text          0x08000128      0x128 build/uart.o
                0x08000128                uart_init
                0x0800014c                uart_putc
                0x0800017c                uart_puts
                0x080001a6                uart_read
                0x080001f4                USART1_IRQHandler
 .text          0x08000250        0x6 build/startup.o
                0x08000250                Reset_Handler
 .text.Default_Handler
                0x08000256        0x2 build/startup.o
                0x08000256                Default_Handler
 *(.rodata*)
 .rodata        0x08000258        0xd build/cli.o
 *fill*         0x08000265        0x3 
 .rodata        0x08000268        0x5 build/main.o
 *fill*         0x0800026d        0x3 
 .rodata        0x08000270        0xa build/systick.o
                0x0800027a                        _etext = .

.glue_7         0x0800027c        0x0
 .glue_7        0x0800027c        0x0 linker stubs

.glue_7t        0x0800027c        0x0
 .glue_7t       0x0800027c        0x0 linker stubs

.vfp11_veneer   0x0800027c        0x0
 .vfp11_veneer  0x0800027c        0x0 linker stubs

.v4_bx          0x0800027c        0x0
 .v4_bx         0x0800027c        0x0 linker stubs

.iplt           0x0800027c        0x0
 .iplt          0x0800027c        0x0 build/cli.o

.rel.dyn        0x0800027c        0x0
 .rel.iplt      0x0800027c        0x0 build/cli.o

.data           0x20000000        0x0 load address 0x0800027a
                0x20000000                        _sdata = .
 *(.data*)
 .data          0x20000000        0x0 build/cli.o
 .data          0x20000000        0x0 build/main.o
 .data          0x20000000        0x0 build/systick.o
 .data          0x20000000        0x0 build/uart.o
 .data          0x20000000        0x0 build/startup.o
                0x20000000                        _edata = .
                0x0800027a                        _sidata = LOADADDR (.data)

.igot.plt       0x20000000        0x0 load address 0x0800027c
 .igot.plt      0x20000000        0x0 build/cli.o

.bss            0x20000000       0x70 load address 0x0800027c
                0x20000000                        _sbss = .
 *(.bss*)
 .bss           0x20000000       0x24 build/cli.o
 .bss           0x20000024        0x0 build/main.o
 .bss           0x20000024        0x4 build/systick.o
 .bss           0x20000028       0x48 build/uart.o
 .bss           0x20000070        0x0 build/startup.o
 *(COMMON)
                0x20000070                        _ebss = .
                0x20005000                        _estack = (ORIGIN (SRAM) + LENGTH (SRAM))
OUTPUT(build/bm-cli.elf elf32-littlearm)
LOAD linker stubs

.debug_info     0x00000000      0x338
 .debug_info    0x00000000       0xd2 build/cli.o
 .debug_info    0x000000d2       0x74 build/main.o
 .debug_info    0x00000146       0x7b build/systick.o
 .debug_info    0x000001c1      0x154 build/uart.o
 .debug_info    0x00000315       0x23 build/startup.o

.debug_abbrev   0x00000000      0x2c1
 .debug_abbrev  0x00000000       0xad build/cli.o
 .debug_abbrev  0x000000ad       0x86 build/main.o
 .debug_abbrev  0x00000133       0x7c build/systick.o
 .debug_abbrev  0x000001af      0x100 build/uart.o
 .debug_abbrev  0x000002af       0x12 build/startup.o

.debug_aranges  0x00000000       0xa8
 .debug_aranges
                0x00000000       0x20 build/cli.o
 .debug_aranges
                0x00000020       0x20 build/main.o
 .debug_aranges
                0x00000040       0x20 build/systick.o
 .debug_aranges
                0x00000060       0x20 build/uart.o
 .debug_aranges
                0x00000080       0x28 build/startup.o

.debug_line     0x00000000      0x26f
 .debug_line    0x00000000       0x90 build/cli.o
 .debug_line    0x00000090       0x66 build/main.o
 .debug_line    0x000000f6       0x5e build/systick.o
 .debug_line    0x00000154       0xc2 build/uart.o
 .debug_line    0x00000216       0x59 build/startup.o

.debug_str      0x00000000      0x150
 .debug_str     0x00000000      0x150 build/cli.o
                                 0xbf (size before relaxing)
 .debug_str     0x00000150       0xae build/main.o
 .debug_str     0x00000150       0xbc build/systick.o
 .debug_str     0x00000150       0xef build/uart.o
 .debug_str     0x00000150       0x30 build/startup.o

.comment        0x00000000       0x26
 .comment       0x00000000       0x26 build/cli.o
                                 0x27 (size before relaxing)
 .comment       0x00000026       0x27 build/main.o
 .comment       0x00000026       0x27 build/systick.o
 .comment       0x00000026       0x27 build/uart.o

.ARM.attributes
                0x00000000       0x2b
 .ARM.attributes
                0x00000000       0x2d build/cli.o
 .ARM.attributes
                0x0000002d       0x2d build/main.o
 .ARM.attributes
                0x0000005a       0x2d build/systick.o
 .ARM.attributes
                0x00000087       0x2d build/uart.o
 .ARM.attributes
                0x000000b4       0x21 build/startup.o

.debug_frame    0x00000000      0x158
 .debug_frame   0x00000000       0x34 build/cli.o
 .debug_frame   0x00000034       0x2c build/main.o
 .debug_frame   0x00000060       0x2c build/systick.o
 .debug_frame   0x0000008c       0xcc build/uart.o

.debug_line_str
                0x00000000       0x24
 .debug_line_str
                0x00000000       0x24 build/startup.o

.debug_rnglists
                0x00000000       0x19
 .debug_rnglists
                0x00000000       0x19 build/startup.o
